---
source: crates/control-plane-api/src/server/public/graphql/service_accounts.rs
assertion_line: 2307
expression: response
---
{
  "data": {
    "addServiceAccountGrant": {
      "catalogName": "aliceCo/mask-bot",
      "grants": [
        {
          "capability": "read",
          "prefix": "aliceCo/"
        }
      ]
    }
  },
  "errors": null
}
