---
source: crates/control-plane-api/src/server/public/graphql/invite_links.rs
expression: bad_token_response
---
{
  "data": null,
  "errors": [
    {
      "locations": [
        {
          "column": 25,
          "line": 3
        }
      ],
      "message": "Invalid invite link token",
      "path": [
        "redeemInviteLink"
      ]
    }
  ]
}
