---
source: crates/control-plane-api/src/server/public/graphql/connectors.rs
expression: response
---
{
  "data": {
    "all": {
      "edges": [
        {
          "node": {
            "defaultImageTag": ":test",
            "defaultSpec": {
              "defaultCaptureInterval": "01:02:03",
              "disableBackfill": false,
              "documentationUrl": "http://test.test/",
              "endpointSpecSchema": {
                "type": "object"
              },
              "imageTag": ":test",
              "protocol": "capture",
              "resourceSpecSchema": {
                "properties": {
                  "id": {
                    "type": "string",
                    "x-collection-name": true
                  }
                },
                "type": "object"
              }
            },
            "devSpec": null,
            "id": "5555555500000000",
            "imageName": "source/test",
            "missingSpec": null,
            "protocol": "capture",
            "recommended": false,
            "title": "test",
            "vTwoSpec": null
          }
        },
        {
          "node": {
            "defaultImageTag": ":test-no-annotation",
            "defaultSpec": {
              "defaultCaptureInterval": null,
              "disableBackfill": false,
              "documentationUrl": "http://test.test/",
              "endpointSpecSchema": {
                "type": "object"
              },
              "imageTag": ":test-no-annotation",
              "protocol": "materialization",
              "resourceSpecSchema": {
                "properties": {
                  "delta": {
                    "type": "boolean"
                  },
                  "id": {
                    "type": "string",
                    "x-collection-name": true
                  },
                  "schema": {
                    "type": "string"
                  }
                },
                "type": "object"
              }
            },
            "devSpec": null,
            "id": "5555555500000001",
            "imageName": "materialize/test",
            "missingSpec": null,
            "protocol": "materialization",
            "recommended": false,
            "title": "test",
            "vTwoSpec": null
          }
        },
        {
          "node": {
            "defaultImageTag": ":v1",
            "defaultSpec": {
              "defaultCaptureInterval": null,
              "disableBackfill": false,
              "documentationUrl": "http://test.test/",
              "endpointSpecSchema": {
                "type": "object"
              },
              "imageTag": ":v1",
              "protocol": "capture",
              "resourceSpecSchema": {
                "properties": {
                  "id": {
                    "type": "string",
                    "x-collection-name": true
                  }
                },
                "type": "object"
              }
            },
            "devSpec": {
              "imageTag": ":dev",
              "protocol": "capture"
            },
            "id": "5555555500000004",
            "imageName": "source/multi-tag-test",
            "missingSpec": null,
            "protocol": "capture",
            "recommended": true,
            "title": "test",
            "vTwoSpec": null
          }
        },
        {
          "node": {
            "defaultImageTag": ":v3",
            "defaultSpec": {
              "defaultCaptureInterval": null,
              "disableBackfill": false,
              "documentationUrl": "http://test.test/",
              "endpointSpecSchema": {
                "type": "object"
              },
              "imageTag": ":v3",
              "protocol": "materialization",
              "resourceSpecSchema": {
                "properties": {
                  "delta": {
                    "type": "boolean",
                    "x-delta-updates": true
                  },
                  "id": {
                    "type": "string",
                    "x-collection-name": true
                  },
                  "schema": {
                    "type": "string",
                    "x-schema-name": true
                  }
                },
                "type": "object"
              }
            },
            "devSpec": {
              "imageTag": ":dev",
              "protocol": "materialization"
            },
            "id": "5555555500000005",
            "imageName": "materialize/multi-tag-test",
            "missingSpec": null,
            "protocol": "materialization",
            "recommended": false,
            "title": "test",
            "vTwoSpec": null
          }
        }
      ]
    },
    "allWithEmptyFilter": {
      "edges": [
        {
          "node": {
            "defaultImageTag": ":test",
            "defaultSpec": {
              "defaultCaptureInterval": "01:02:03",
              "disableBackfill": false,
              "documentationUrl": "http://test.test/",
              "endpointSpecSchema": {
                "type": "object"
              },
              "imageTag": ":test",
              "protocol": "capture",
              "resourceSpecSchema": {
                "properties": {
                  "id": {
                    "type": "string",
                    "x-collection-name": true
                  }
                },
                "type": "object"
              }
            },
            "devSpec": null,
            "id": "5555555500000000",
            "imageName": "source/test",
            "missingSpec": null,
            "protocol": "capture",
            "recommended": false,
            "title": "test",
            "vTwoSpec": null
          }
        },
        {
          "node": {
            "defaultImageTag": ":test-no-annotation",
            "defaultSpec": {
              "defaultCaptureInterval": null,
              "disableBackfill": false,
              "documentationUrl": "http://test.test/",
              "endpointSpecSchema": {
                "type": "object"
              },
              "imageTag": ":test-no-annotation",
              "protocol": "materialization",
              "resourceSpecSchema": {
                "properties": {
                  "delta": {
                    "type": "boolean"
                  },
                  "id": {
                    "type": "string",
                    "x-collection-name": true
                  },
                  "schema": {
                    "type": "string"
                  }
                },
                "type": "object"
              }
            },
            "devSpec": null,
            "id": "5555555500000001",
            "imageName": "materialize/test",
            "missingSpec": null,
            "protocol": "materialization",
            "recommended": false,
            "title": "test",
            "vTwoSpec": null
          }
        },
        {
          "node": {
            "defaultImageTag": ":v1",
            "defaultSpec": {
              "defaultCaptureInterval": null,
              "disableBackfill": false,
              "documentationUrl": "http://test.test/",
              "endpointSpecSchema": {
                "type": "object"
              },
              "imageTag": ":v1",
              "protocol": "capture",
              "resourceSpecSchema": {
                "properties": {
                  "id": {
                    "type": "string",
                    "x-collection-name": true
                  }
                },
                "type": "object"
              }
            },
            "devSpec": {
              "imageTag": ":dev",
              "protocol": "capture"
            },
            "id": "5555555500000004",
            "imageName": "source/multi-tag-test",
            "missingSpec": null,
            "protocol": "capture",
            "recommended": true,
            "title": "test",
            "vTwoSpec": null
          }
        },
        {
          "node": {
            "defaultImageTag": ":v3",
            "defaultSpec": {
              "defaultCaptureInterval": null,
              "disableBackfill": false,
              "documentationUrl": "http://test.test/",
              "endpointSpecSchema": {
                "type": "object"
              },
              "imageTag": ":v3",
              "protocol": "materialization",
              "resourceSpecSchema": {
                "properties": {
                  "delta": {
                    "type": "boolean",
                    "x-delta-updates": true
                  },
                  "id": {
                    "type": "string",
                    "x-collection-name": true
                  },
                  "schema": {
                    "type": "string",
                    "x-schema-name": true
                  }
                },
                "type": "object"
              }
            },
            "devSpec": {
              "imageTag": ":dev",
              "protocol": "materialization"
            },
            "id": "5555555500000005",
            "imageName": "materialize/multi-tag-test",
            "missingSpec": null,
            "protocol": "materialization",
            "recommended": false,
            "title": "test",
            "vTwoSpec": null
          }
        }
      ]
    },
    "captures": {
      "edges": [
        {
          "node": {
            "defaultImageTag": ":test",
            "defaultSpec": {
              "defaultCaptureInterval": "01:02:03",
              "disableBackfill": false,
              "documentationUrl": "http://test.test/",
              "endpointSpecSchema": {
                "type": "object"
              },
              "imageTag": ":test",
              "protocol": "capture",
              "resourceSpecSchema": {
                "properties": {
                  "id": {
                    "type": "string",
                    "x-collection-name": true
                  }
                },
                "type": "object"
              }
            },
            "devSpec": null,
            "id": "5555555500000000",
            "imageName": "source/test",
            "missingSpec": null,
            "protocol": "capture",
            "recommended": false,
            "title": "test",
            "vTwoSpec": null
          }
        },
        {
          "node": {
            "defaultImageTag": ":v1",
            "defaultSpec": {
              "defaultCaptureInterval": null,
              "disableBackfill": false,
              "documentationUrl": "http://test.test/",
              "endpointSpecSchema": {
                "type": "object"
              },
              "imageTag": ":v1",
              "protocol": "capture",
              "resourceSpecSchema": {
                "properties": {
                  "id": {
                    "type": "string",
                    "x-collection-name": true
                  }
                },
                "type": "object"
              }
            },
            "devSpec": {
              "imageTag": ":dev",
              "protocol": "capture"
            },
            "id": "5555555500000004",
            "imageName": "source/multi-tag-test",
            "missingSpec": null,
            "protocol": "capture",
            "recommended": true,
            "title": "test",
            "vTwoSpec": null
          }
        }
      ]
    },
    "materializations": {
      "edges": [
        {
          "node": {
            "defaultImageTag": ":test-no-annotation",
            "defaultSpec": {
              "defaultCaptureInterval": null,
              "disableBackfill": false,
              "documentationUrl": "http://test.test/",
              "endpointSpecSchema": {
                "type": "object"
              },
              "imageTag": ":test-no-annotation",
              "protocol": "materialization",
              "resourceSpecSchema": {
                "properties": {
                  "delta": {
                    "type": "boolean"
                  },
                  "id": {
                    "type": "string",
                    "x-collection-name": true
                  },
                  "schema": {
                    "type": "string"
                  }
                },
                "type": "object"
              }
            },
            "devSpec": null,
            "id": "5555555500000001",
            "imageName": "materialize/test",
            "missingSpec": null,
            "protocol": "materialization",
            "recommended": false,
            "title": "test",
            "vTwoSpec": null
          }
        },
        {
          "node": {
            "defaultImageTag": ":v3",
            "defaultSpec": {
              "defaultCaptureInterval": null,
              "disableBackfill": false,
              "documentationUrl": "http://test.test/",
              "endpointSpecSchema": {
                "type": "object"
              },
              "imageTag": ":v3",
              "protocol": "materialization",
              "resourceSpecSchema": {
                "properties": {
                  "delta": {
                    "type": "boolean",
                    "x-delta-updates": true
                  },
                  "id": {
                    "type": "string",
                    "x-collection-name": true
                  },
                  "schema": {
                    "type": "string",
                    "x-schema-name": true
                  }
                },
                "type": "object"
              }
            },
            "devSpec": {
              "imageTag": ":dev",
              "protocol": "materialization"
            },
            "id": "5555555500000005",
            "imageName": "materialize/multi-tag-test",
            "missingSpec": null,
            "protocol": "materialization",
            "recommended": false,
            "title": "test",
            "vTwoSpec": null
          }
        }
      ]
    },
    "notRecommended": {
      "edges": [
        {
          "node": {
            "defaultImageTag": ":test",
            "defaultSpec": {
              "defaultCaptureInterval": "01:02:03",
              "disableBackfill": false,
              "documentationUrl": "http://test.test/",
              "endpointSpecSchema": {
                "type": "object"
              },
              "imageTag": ":test",
              "protocol": "capture",
              "resourceSpecSchema": {
                "properties": {
                  "id": {
                    "type": "string",
                    "x-collection-name": true
                  }
                },
                "type": "object"
              }
            },
            "devSpec": null,
            "id": "5555555500000000",
            "imageName": "source/test",
            "missingSpec": null,
            "protocol": "capture",
            "recommended": false,
            "title": "test",
            "vTwoSpec": null
          }
        },
        {
          "node": {
            "defaultImageTag": ":test-no-annotation",
            "defaultSpec": {
              "defaultCaptureInterval": null,
              "disableBackfill": false,
              "documentationUrl": "http://test.test/",
              "endpointSpecSchema": {
                "type": "object"
              },
              "imageTag": ":test-no-annotation",
              "protocol": "materialization",
              "resourceSpecSchema": {
                "properties": {
                  "delta": {
                    "type": "boolean"
                  },
                  "id": {
                    "type": "string",
                    "x-collection-name": true
                  },
                  "schema": {
                    "type": "string"
                  }
                },
                "type": "object"
              }
            },
            "devSpec": null,
            "id": "5555555500000001",
            "imageName": "materialize/test",
            "missingSpec": null,
            "protocol": "materialization",
            "recommended": false,
            "title": "test",
            "vTwoSpec": null
          }
        },
        {
          "node": {
            "defaultImageTag": ":v3",
            "defaultSpec": {
              "defaultCaptureInterval": null,
              "disableBackfill": false,
              "documentationUrl": "http://test.test/",
              "endpointSpecSchema": {
                "type": "object"
              },
              "imageTag": ":v3",
              "protocol": "materialization",
              "resourceSpecSchema": {
                "properties": {
                  "delta": {
                    "type": "boolean",
                    "x-delta-updates": true
                  },
                  "id": {
                    "type": "string",
                    "x-collection-name": true
                  },
                  "schema": {
                    "type": "string",
                    "x-schema-name": true
                  }
                },
                "type": "object"
              }
            },
            "devSpec": {
              "imageTag": ":dev",
              "protocol": "materialization"
            },
            "id": "5555555500000005",
            "imageName": "materialize/multi-tag-test",
            "missingSpec": null,
            "protocol": "materialization",
            "recommended": false,
            "title": "test",
            "vTwoSpec": null
          }
        }
      ]
    },
    "recommended": {
      "edges": [
        {
          "node": {
            "defaultImageTag": ":v1",
            "defaultSpec": {
              "defaultCaptureInterval": null,
              "disableBackfill": false,
              "documentationUrl": "http://test.test/",
              "endpointSpecSchema": {
                "type": "object"
              },
              "imageTag": ":v1",
              "protocol": "capture",
              "resourceSpecSchema": {
                "properties": {
                  "id": {
                    "type": "string",
                    "x-collection-name": true
                  }
                },
                "type": "object"
              }
            },
            "devSpec": {
              "imageTag": ":dev",
              "protocol": "capture"
            },
            "id": "5555555500000004",
            "imageName": "source/multi-tag-test",
            "missingSpec": null,
            "protocol": "capture",
            "recommended": true,
            "title": "test",
            "vTwoSpec": null
          }
        }
      ]
    }
  }
}
