---
source: crates/schema-inference/src/analyze.rs
expression: schema
---
{
  "$schema": "https://json-schema.org/draft/2019-09/schema",
  "type": "object",
  "properties": {
    "a": {
      "type": "integer"
    },
    "b": {
      "type": [
        "array",
        "null"
      ],
      "items": {
        "type": "boolean"
      }
    },
    "c": {
      "type": "object",
      "properties": {
        "inner": {
          "type": [
            "null",
            "string"
          ]
        },
        "optional": {
          "type": "array"
        }
      }
    },
    "s": {
      "type": [
        "object",
        "string"
      ],
      "properties": {
        "sometimes": {
          "type": "string"
        }
      }
    },
    "x": {
      "type": "string"
    },
    "y": {
      "type": "array",
      "items": {
        "type": "string"
      }
    }
  }
}
