---
source: crates/connector/src/tests.rs
expression: "[(\"injected\", run(&with_rotation, \"yes\").await),\n(\"new_local injects nothing\", run(&local, \"no\").await),]"
---
[
    (
        "injected",
        [
            "Started(codec=Json, container=false, process=false, spec=capture)",
            "Capture(opened)",
        ],
    ),
    (
        "new_local injects nothing",
        [
            "Started(codec=Json, container=false, process=false, spec=capture)",
            "Capture(opened)",
        ],
    ),
]
