---
source: crates/python-connector/src/config.rs
expression: "(serde_json::Value::Object(user), files, request,\nString::from_utf8(without_sentinel(config).unwrap()).unwrap(),)"
---
(
    Object {
        "credentials": Object {
            "token": String("secret"),
        },
    },
    {
        "a.py": "x = 1\n",
    },
    Object {
        "validate": Object {
            "config": Object {
                "credentials": Object {
                    "token": String("secret"),
                },
            },
        },
    },
    "{\"credentials\":{\"token\":\"secret\"}}",
)
