---
source: crates/derive-python/src/codegen/mod.rs
expression: types_output
---
from abc import ABC, abstractmethod
import typing
import collections.abc
import pydantic


# Generated for published documents of derived collection patterns/sums
class Document(pydantic.BaseModel):
    model_config = pydantic.ConfigDict(extra='allow')

    Count: typing.Optional[int] = None
    Key: str
    Sum: int



# Generated for read documents of sourced collection patterns/ints
class SourceFromIntsIntValue(pydantic.BaseModel):
    model_config = pydantic.ConfigDict(extra='allow')

    Int: int
    Key: str

SourceFromInts: typing.TypeAlias = "SourceFromIntsIntValue"


# Generated for read documents of sourced collection patterns/strings
class SourceProcessStrings(pydantic.BaseModel):
    class Metadata(pydantic.BaseModel):
        model_config = pydantic.ConfigDict(extra='allow')


    model_config = pydantic.ConfigDict(extra='allow')

    id: str
    metadata: typing.Optional["Metadata"] = None
    text: str



class ConnectorState(pydantic.BaseModel):
    """Mirror of Estuary protocol's flow.ConnectorState."""

    # An updated state, or patch thereof.
    updated: dict[str, typing.Any]
    # When true, `updated` is an RFC 7396 JSON Merge Patch rather than a full replacement.
    merge_patch: bool = pydantic.Field(default=False, serialization_alias='mergePatch')


class Request(pydantic.BaseModel):

    class Open(pydantic.BaseModel):
        state: dict[str, typing.Any]

    class Flush(pydantic.BaseModel):
        # Aggregated connector state patches contributed by all participating shards
        # in the PREVIOUS Flush iteration of the current transaction; empty on the
        # first iteration.
        state_patches: list[typing.Any] = pydantic.Field(default_factory=list, alias='statePatches')

    class Reset(pydantic.BaseModel):
        pass

    open: typing.Optional[Open] = None
    flush: typing.Optional[Flush] = None
    reset: typing.Optional[Reset] = None


    class ReadFromInts(pydantic.BaseModel):
        doc: SourceFromInts
        transform: typing.Literal[0]


    class ReadProcessStrings(pydantic.BaseModel):
        doc: SourceProcessStrings
        transform: typing.Literal[1]

    read : typing.Annotated[ReadFromInts | ReadProcessStrings, pydantic.Field(discriminator='transform')] | None = None

    @pydantic.model_validator(mode='before')
    @classmethod
    def inject_default_transform(cls, data: dict[str, typing.Any]) -> dict[str, typing.Any]:
        if 'read' in data and 'transform' not in data['read']:
            data['read']['transform'] = 0 # Make implicit default explicit
        return data


class Response(pydantic.BaseModel):
    class Opened(pydantic.BaseModel):
        pass

    class Published(pydantic.BaseModel):
        doc: Document

    class Flushed(pydantic.BaseModel):
        # Connector state update to contribute this transaction.
        # Aggregated across shards and fed back via Request.Flush.state_patches.
        state: typing.Optional[ConnectorState] = None
        # Request a further Flush iteration this transaction.
        more: bool = False

    opened: typing.Optional[Opened] = None
    published: typing.Optional[Published] = None
    flushed: typing.Optional[Flushed] = None

class IDerivation(ABC):
    """Abstract base class for derivation implementations."""

    def __init__(self, open: Request.Open):
        """Initialize the derivation with an Open message."""
        pass

    @abstractmethod
    async def from_ints(self, read: Request.ReadFromInts) -> collections.abc.AsyncIterator[Document]:
        """Transform method for 'fromInts' source."""
        if False:
            yield  # Mark as a generator.

    @abstractmethod
    async def process_strings(self, read: Request.ReadProcessStrings) -> collections.abc.AsyncIterator[Document]:
        """Transform method for 'process-strings' source."""
        if False:
            yield  # Mark as a generator.

    async def flush(self, state_patches: list[typing.Any], flushed: Response.Flushed) -> collections.abc.AsyncIterator[Document]:
        """Complete deferred work for the current transaction, publishing all
        documents derived from prior reads.

        Set `flushed.state` to contribute a connector state update, and/or set
        `flushed.more = True` to request a further Flush iteration (a scatter/gather
        round across the derivation's shards). On each call `state_patches` holds the
        aggregated `state` updates returned by all shards in the previous iteration
        (empty on the first). All Documents MUST be yielded before flush returns
        a terminal (`more = False`) Response.Flushed.
        Override to implement pipelining or stateful derivations."""
        if False:
            yield  # Mark as a generator.

    async def reset(self):
        """Reset internal state for testing. Override if needed."""
        pass
