---
source: crates/agent/src/evolution/test.rs
expression: evolved_collections
---
[
    EvolvedCollection {
        old_name: "evolution/CollectionA",
        new_name: "evolution/CollectionA",
        updated_materializations: [
            "evolution/MaterializationD",
        ],
        updated_captures: [],
    },
]
