---
source: crates/control-plane-api/src/server/public/graphql/drafts/test.rs
expression: bob_draft
---
{
  "data": {
    "draft": {
      "createdAt": "2024-01-01T00:00:00+00:00",
      "detail": "bob",
      "id": "0000000000000020",
      "numSpecs": 1,
      "updatedAt": "2024-01-01T00:00:00+00:00"
    }
  }
}
