---
source: crates/control-plane-api/src/server/public/graphql/drafts/test.rs
expression: specs_response
---
{
  "data": {
    "draft": null
  },
  "errors": [
    {
      "locations": [
        {
          "column": 9,
          "line": 5
        }
      ],
      "message": "first must be between 1 and 1000",
      "path": [
        "draft",
        "specs"
      ]
    }
  ]
}
