---
source: crates/doc/src/shape/inference.rs
expression: obj
---
Shape {
    type_: "object",
    enum_: None,
    title: None,
    description: None,
    reduce: Unset,
    redact: Unset,
    provenance: Inline,
    default: None,
    secret: None,
    annotations: {
        "x-test-top-level": Bool(true),
    },
    array: ArrayShape {
        additional_items: None,
        max_items: None,
        min_items: 0,
        tuple: [],
    },
    numeric: NumericShape {
        minimum: None,
        maximum: None,
    },
    object: ObjShape {
        additional_properties: None,
        pattern_properties: [],
        properties: [
            ObjProperty {
                name: "bar",
                is_required: false,
                shape: Shape {
                    type_: "string",
                    enum_: None,
                    title: None,
                    description: None,
                    reduce: Unset,
                    redact: Unset,
                    provenance: Inline,
                    default: None,
                    secret: None,
                    annotations: {
                        "X-bar-top-level": Bool(true),
                        "x-bar-two": String("twoVal"),
                    },
                    array: ArrayShape {
                        additional_items: None,
                        max_items: None,
                        min_items: 0,
                        tuple: [],
                    },
                    numeric: NumericShape {
                        minimum: None,
                        maximum: None,
                    },
                    object: ObjShape {
                        additional_properties: None,
                        pattern_properties: [],
                        properties: [],
                    },
                    string: StringShape {
                        content_encoding: None,
                        content_type: None,
                        format: None,
                        max_length: None,
                        min_length: 0,
                    },
                },
            },
            ObjProperty {
                name: "conflicting",
                is_required: false,
                shape: Shape {
                    type_: "array", "boolean", "null", "number", "object", "string",
                    enum_: None,
                    title: None,
                    description: Some(
                        "this documents the behavior in the edge case where there's conflicting\nvalues for the same annotation. Technically, it would be more correct\nto use a multi-map and collect both values. But this seems like a weird\nenough edge case that we can safely ignore it for now and pick one of the\nvalues arbitrarily.",
                    ),
                    reduce: Unset,
                    redact: Unset,
                    provenance: Inline,
                    default: None,
                    secret: None,
                    annotations: {
                        "x-conflicting-ann": String("yes please"),
                    },
                    array: ArrayShape {
                        additional_items: None,
                        max_items: None,
                        min_items: 0,
                        tuple: [],
                    },
                    numeric: NumericShape {
                        minimum: None,
                        maximum: None,
                    },
                    object: ObjShape {
                        additional_properties: None,
                        pattern_properties: [],
                        properties: [],
                    },
                    string: StringShape {
                        content_encoding: None,
                        content_type: None,
                        format: None,
                        max_length: None,
                        min_length: 0,
                    },
                },
            },
            ObjProperty {
                name: "foo",
                is_required: false,
                shape: Shape {
                    type_: "string",
                    enum_: None,
                    title: None,
                    description: None,
                    reduce: Unset,
                    redact: Unset,
                    provenance: Inline,
                    default: None,
                    secret: None,
                    annotations: {
                        "X-foo-top-level": Bool(false),
                        "x-foo-one": String("oneVal"),
                        "x-foo-two": String("twoVal"),
                    },
                    array: ArrayShape {
                        additional_items: None,
                        max_items: None,
                        min_items: 0,
                        tuple: [],
                    },
                    numeric: NumericShape {
                        minimum: None,
                        maximum: None,
                    },
                    object: ObjShape {
                        additional_properties: None,
                        pattern_properties: [],
                        properties: [],
                    },
                    string: StringShape {
                        content_encoding: None,
                        content_type: None,
                        format: None,
                        max_length: None,
                        min_length: 0,
                    },
                },
            },
        ],
    },
    string: StringShape {
        content_encoding: None,
        content_type: None,
        format: None,
        max_length: None,
        min_length: 0,
    },
}
