---
source: crates/validation/tests/scenario_tests.rs
expression: errors
---
[
    Error {
        scope: test://example/int-halve#/collections/testing~1int-halve/derive/transforms/1,
        error: transform halveSelf shuffled key types [Integer, Integer] don't align with transform halveIntString types [Integer],
    },
]
