---
source: crates/ops-catalog/src/render.rs
expression: rendered
---
# This is the dbBouncer endpoint for our database.
address: db.eyrcnmuzzyriypdajwdk.supabase.co:6543
database: postgres
password_sops: ENC[AES256_GCM,data:X0aaH7/FlUVgMzqZxQXx2egsm2ShGTbAAJi9nLE28EJgnUJD,iv:aN4/LkzkSr5tAgn6IlylQ6kOlrU4zYC1DWx9lJnEIT4=,tag:T+I1C/4vwmT0X7ve4+bjvQ==,type:str]
user: stats_loader
sops:
    kms: []
    gcp_kms:
        - resource_id: projects/helpful-kingdom-273219/locations/us-central1/keyRings/catalog-sops/cryptoKeys/estuary-poc
          created_at: "2022-09-13T02:37:46Z"
          enc: CiQAKdYibVVaIMM2iRBlIQ2h5WE523adDkJgH5TQcwizZ6Dcw90SSQAva6jOpiuefUQuVKRrEYJ/TIJdncQgO1z33NDUta6Gi/RTBsFjuULhWCSteTBORPZU0ZFAM6e1fG+CgzlqNiDsO6TBHVC2qIQ=
    azure_kv: []
    hc_vault: []
    age: []
    lastmodified: "2022-11-14T19:34:10Z"
    mac: ENC[AES256_GCM,data:Lkunoq+grYLzDa3lOYrtdK5uHAa75JwcCCCqTzmODgFwEWPYfCLCQ5IItqCF9b76fvwVZ7TQRrn0oaJU9QZrn9TdFWR0NH8faYfH8OLW30q6XMOjcwwyKbALO7uzDzk4Zy3jG10jJCmunXt6t7zOZj6K4dSePjwGldkwNZt2e4c=,iv:mU6EY6NXCLp86hOkFjk7usyS5h+oXfcYPd+L8pJUsTE=,tag:v8+EXlOiYSsnaO5BCds0LA==,type:str]
    pgp: []
    encrypted_suffix: _sops
    version: 3.7.3

