---
source: crates/assemble/src/lib.rs
expression: labels
---
LabelSelector {
    include: Some(
        LabelSet {
            labels: [
                Label {
                    name: "estuary.dev/collection",
                    value: "the/collection",
                },
                Label {
                    name: "estuary.dev/field/bool",
                    value: "%_false",
                },
                Label {
                    name: "estuary.dev/field/bool",
                    value: "%_true",
                },
                Label {
                    name: "estuary.dev/field/integers",
                    value: "%_-9223372036854775808",
                },
                Label {
                    name: "estuary.dev/field/integers",
                    value: "%_123",
                },
                Label {
                    name: "estuary.dev/field/integers",
                    value: "%_18446744073709551615",
                },
                Label {
                    name: "estuary.dev/field/integers",
                    value: "%_9223372036854775807",
                },
                Label {
                    name: "estuary.dev/field/null",
                    value: "%_null",
                },
                Label {
                    name: "estuary.dev/field/strings",
                    value: "Baz%21%40%22Bing%22",
                },
                Label {
                    name: "estuary.dev/field/strings",
                    value: "hello%2C%20world%21",
                },
                Label {
                    name: "estuary.dev/field/strings",
                    value: "http%3A%2F%2Fexample%2Fpath%3Fq1%3Dv1%26q2%3Dv2%3Bex%2520tra",
                },
                Label {
                    name: "estuary.dev/field/strings",
                    value: "no.no%26no-no%40no%24yes_yes%28%29%3B",
                },
                Label {
                    name: "estuary.dev/field/strings",
                    value: "simple",
                },
            ],
        },
    ),
    exclude: Some(
        LabelSet {
            labels: [
                Label {
                    name: "estuary.dev/field/naughty-strings",
                    value: "%25_null",
                },
                Label {
                    name: "estuary.dev/field/naughty-strings",
                    value: "-456",
                },
                Label {
                    name: "estuary.dev/field/naughty-strings",
                    value: "123",
                },
                Label {
                    name: "estuary.dev/field/naughty-strings",
                    value: "false",
                },
                Label {
                    name: "estuary.dev/field/naughty-strings",
                    value: "null",
                },
                Label {
                    name: "estuary.dev/field/naughty-strings",
                    value: "true",
                },
            ],
        },
    ),
}
