---
source: crates/doc/src/lib.rs
expression: doc
---
Object(
    19,
    [
        HeapField {
            property: "",
            value: String(
                "empty property",
            ),
        },
        HeapField {
            property: "big string",
            value: String(
                "a bigger string",
            ),
        },
        HeapField {
            property: "key\nwith\t\"escapes\"",
            value: String(
                "escapey\\value\\is\"escaping",
            ),
        },
        HeapField {
            property: "nested",
            value: Object(
                6,
                [
                    HeapField {
                        property: "false",
                        value: Bool(
                            false,
                        ),
                    },
                    HeapField {
                        property: "shared string",
                        value: Object(
                            2,
                            [
                                HeapField {
                                    property: "shared string",
                                    value: String(
                                        "shared string",
                                    ),
                                },
                            ],
                        ),
                    },
                    HeapField {
                        property: "true",
                        value: Bool(
                            true,
                        ),
                    },
                    HeapField {
                        property: "two",
                        value: PosInt(
                            2,
                        ),
                    },
                ],
            ),
        },
        HeapField {
            property: "null",
            value: Null,
        },
        HeapField {
            property: "numbers",
            value: Array(
                4,
                [
                    PosInt(
                        1229782938247303441,
                    ),
                    NegInt(
                        -1234,
                    ),
                    Float(
                        56.7891122334455,
                    ),
                ],
            ),
        },
        HeapField {
            property: "shared string",
            value: String(
                "shared string",
            ),
        },
        HeapField {
            property: "small string",
            value: String(
                "smol",
            ),
        },
        HeapField {
            property: "some",
            value: Object(
                2,
                [
                    HeapField {
                        property: "bytes",
                        value: String(
                            "c29tZSBieXRlcw==",
                        ),
                    },
                ],
            ),
        },
    ],
)
