---
source: crates/doc/src/walker.rs
expression: "&walker.calls"
---
[
    "push_property(span: Span { begin: 1, end: 2, hashed: 3492387289669676943 }, loc: /bar)",
    "push_property(span: Span { begin: 2, end: 3, hashed: 9111827012676064624 }, loc: /bar/false)",
    "pop_bool(span: Span { begin: 2, end: 3, hashed: 5536848922655359424 }, loc: /bar/false, val: false)",
    "push_property(span: Span { begin: 3, end: 4, hashed: 12951238764204348148 }, loc: /bar/flat-array)",
    "push_item(span: Span { begin: 4, end: 5, hashed: 0 }, loc: /bar/flat-array/0)",
    "push_property(span: Span { begin: 5, end: 6, hashed: 12359339792617410391 }, loc: /bar/flat-array/0/ninish)",
    "pop_numeric(span: Span { begin: 5, end: 6, hashed: 308683169865322957 }, loc: /bar/flat-array/0/ninish, val: 9.999)",
    "push_property(span: Span { begin: 6, end: 7, hashed: 17066697293871039574 }, loc: /bar/flat-array/0/object)",
    "pop_str(span: Span { begin: 6, end: 7, hashed: 4779665107170170139 }, loc: /bar/flat-array/0/object, val: value)",
    "pop_object(span: Span { begin: 4, end: 7, hashed: 6712404287633763183 }, loc: /bar/flat-array/0, num_properties: 2)",
    "push_item(span: Span { begin: 7, end: 8, hashed: 0 }, loc: /bar/flat-array/1)",
    "pop_numeric(span: Span { begin: 7, end: 8, hashed: 3429551472952562336 }, loc: /bar/flat-array/1, val: 32)",
    "push_item(span: Span { begin: 8, end: 9, hashed: 0 }, loc: /bar/flat-array/2)",
    "push_property(span: Span { begin: 9, end: 10, hashed: 686794948548171365 }, loc: /bar/flat-array/2/third)",
    "pop_numeric(span: Span { begin: 9, end: 10, hashed: 17615343019692007359 }, loc: /bar/flat-array/2/third, val: 3)",
    "pop_object(span: Span { begin: 8, end: 10, hashed: 3347361485416429113 }, loc: /bar/flat-array/2, num_properties: 1)",
    "pop_array(span: Span { begin: 3, end: 10, hashed: 7969316532600871641 }, loc: /bar/flat-array, num_items: 3)",
    "push_property(span: Span { begin: 10, end: 11, hashed: 6050281313959441828 }, loc: /bar/nested-array)",
    "push_item(span: Span { begin: 11, end: 12, hashed: 0 }, loc: /bar/nested-array/0)",
    "push_item(span: Span { begin: 12, end: 13, hashed: 0 }, loc: /bar/nested-array/0/0)",
    "push_item(span: Span { begin: 13, end: 14, hashed: 0 }, loc: /bar/nested-array/0/0/0)",
    "pop_numeric(span: Span { begin: 13, end: 14, hashed: 5871781006564002453 }, loc: /bar/nested-array/0/0/0, val: 1)",
    "push_item(span: Span { begin: 14, end: 15, hashed: 0 }, loc: /bar/nested-array/0/0/1)",
    "pop_numeric(span: Span { begin: 14, end: 15, hashed: 11743562013128004906 }, loc: /bar/nested-array/0/0/1, val: 2)",
    "pop_array(span: Span { begin: 12, end: 15, hashed: 3395477536205329037 }, loc: /bar/nested-array/0/0, num_items: 2)",
    "push_item(span: Span { begin: 15, end: 16, hashed: 0 }, loc: /bar/nested-array/0/1)",
    "push_item(span: Span { begin: 16, end: 17, hashed: 0 }, loc: /bar/nested-array/0/1/0)",
    "pop_numeric(span: Span { begin: 16, end: 17, hashed: 17615343019692007359 }, loc: /bar/nested-array/0/1/0, val: 3)",
    "pop_array(span: Span { begin: 15, end: 17, hashed: 5640907580079321590 }, loc: /bar/nested-array/0/1, num_items: 1)",
    "push_item(span: Span { begin: 17, end: 18, hashed: 0 }, loc: /bar/nested-array/0/2)",
    "pop_numeric(span: Span { begin: 17, end: 18, hashed: 5040379952546458196 }, loc: /bar/nested-array/0/2, val: 4)",
    "pop_array(span: Span { begin: 11, end: 18, hashed: 1245630777918685515 }, loc: /bar/nested-array/0, num_items: 3)",
    "push_item(span: Span { begin: 18, end: 19, hashed: 0 }, loc: /bar/nested-array/1)",
    "pop_numeric(span: Span { begin: 18, end: 19, hashed: 10912160959110460649 }, loc: /bar/nested-array/1, val: 5)",
    "push_item(span: Span { begin: 19, end: 20, hashed: 0 }, loc: /bar/nested-array/2)",
    "push_item(span: Span { begin: 20, end: 21, hashed: 0 }, loc: /bar/nested-array/2/0)",
    "pop_numeric(span: Span { begin: 20, end: 21, hashed: 16783941965674463102 }, loc: /bar/nested-array/2/0, val: 6)",
    "pop_array(span: Span { begin: 19, end: 21, hashed: 14060822398349058443 }, loc: /bar/nested-array/2, num_items: 1)",
    "pop_array(span: Span { begin: 10, end: 21, hashed: 6169813963366165170 }, loc: /bar/nested-array, num_items: 3)",
    "pop_object(span: Span { begin: 1, end: 21, hashed: 8400310503551780749 }, loc: /bar, num_properties: 3)",
    "push_property(span: Span { begin: 21, end: 22, hashed: 17561646994490527473 }, loc: /foo)",
    "push_property(span: Span { begin: 22, end: 23, hashed: 8515467036952247710 }, loc: /foo/repeat)",
    "push_property(span: Span { begin: 23, end: 24, hashed: 8515467036952247710 }, loc: /foo/repeat/repeat)",
    "pop_str(span: Span { begin: 23, end: 24, hashed: 2548402987741205372 }, loc: /foo/repeat/repeat, val: repeat)",
    "pop_object(span: Span { begin: 22, end: 24, hashed: 879477391208173632 }, loc: /foo/repeat, num_properties: 1)",
    "push_property(span: Span { begin: 24, end: 25, hashed: 13840727042744474435 }, loc: /foo/true)",
    "pop_bool(span: Span { begin: 24, end: 25, hashed: 4312249523173534797 }, loc: /foo/true, val: true)",
    "push_property(span: Span { begin: 25, end: 26, hashed: 15530891139749574631 }, loc: /foo/two)",
    "pop_numeric(span: Span { begin: 25, end: 26, hashed: 11743562013128004906 }, loc: /foo/two, val: 2)",
    "pop_object(span: Span { begin: 21, end: 26, hashed: 12625743532182824938 }, loc: /foo, num_properties: 3)",
    "push_property(span: Span { begin: 26, end: 27, hashed: 6415180377498958507 }, loc: /null)",
    "pop_null(span: Span { begin: 26, end: 27, hashed: 16212498107710151403 }, loc: /null)",
    "push_property(span: Span { begin: 27, end: 28, hashed: 15110081691896058520 }, loc: /numbers)",
    "push_item(span: Span { begin: 28, end: 29, hashed: 0 }, loc: /numbers/0)",
    "pop_numeric(span: Span { begin: 28, end: 29, hashed: 3297896747637643493 }, loc: /numbers/0, val: 1229782938247303441)",
    "push_item(span: Span { begin: 29, end: 30, hashed: 0 }, loc: /numbers/1)",
    "pop_numeric(span: Span { begin: 29, end: 30, hashed: 3792658867874758086 }, loc: /numbers/1, val: -1234)",
    "push_item(span: Span { begin: 30, end: 31, hashed: 0 }, loc: /numbers/2)",
    "pop_numeric(span: Span { begin: 30, end: 31, hashed: 18343232044205362776 }, loc: /numbers/2, val: 56.7891122334455)",
    "pop_array(span: Span { begin: 27, end: 31, hashed: 15174838816573947911 }, loc: /numbers, num_items: 3)",
    "push_property(span: Span { begin: 31, end: 32, hashed: 8515467036952247710 }, loc: /repeat)",
    "pop_str(span: Span { begin: 31, end: 32, hashed: 2548402987741205372 }, loc: /repeat, val: repeat)",
    "push_property(span: Span { begin: 32, end: 33, hashed: 16388633398439343333 }, loc: /some)",
    "push_property(span: Span { begin: 33, end: 34, hashed: 11802959503358919994 }, loc: /some/bytes)",
    "pop_str(span: Span { begin: 33, end: 34, hashed: 436868375673068097 }, loc: /some/bytes, val: c29tZSBieXRlcw==)",
    "pop_object(span: Span { begin: 32, end: 34, hashed: 7824292072841271611 }, loc: /some, num_properties: 1)",
    "pop_object(span: Span { begin: 0, end: 34, hashed: 3550334853817554370 }, loc: , num_properties: 6)",
]
