---
source: crates/data-plane-controller/tests/test_private_links.rs
expression: trace.lock().unwrap().as_slice()
---
[
  {
    "Cmd": [
      "git-clone",
      "git clone git@github.com:estuary/ops.git ."
    ]
  },
  {
    "Cmd": [
      "git-fetch",
      "git fetch"
    ]
  },
  {
    "Cmd": [
      "git-checkout",
      "git checkout --detach --force --quiet origin/master"
    ]
  }
]
