---
source: crates/shuffle/tests/scenario_fixtures.rs
expression: "Checkpoint { frontier: &frontier, read, }"
---
Checkpoint {
    frontier: Frontier {
        journals: [
            JournalFrontier {
                journal: "testing/apples/2020202020202020/category=alpha/pivot=00",
                binding: 0,
                producers: [
                    ProducerFrontier {
                        producer: Producer(01:00:00:00:00:01),
                        last_commit: Clock(0s 16ns),
                        hinted_commit: Clock(0s 16ns),
                        offset: -258,
                    },
                ],
                bytes_read_delta: 258,
                bytes_behind_delta: 0,
            },
            JournalFrontier {
                journal: "testing/apples/2020202020202020/category=gamma/pivot=00",
                binding: 0,
                producers: [
                    ProducerFrontier {
                        producer: Producer(01:00:00:00:00:01),
                        last_commit: Clock(0s 16ns),
                        hinted_commit: Clock(0s 16ns),
                        offset: -258,
                    },
                ],
                bytes_read_delta: 258,
                bytes_behind_delta: 0,
            },
        ],
        flushed_lsn: [
            1/0,
        ],
    },
    read: [
        ReadEntry {
            binding: 0,
            journal: "testing/apples/2020202020202020/category=alpha/pivot=00",
            doc: Object {
                "_meta": Object {
                    "uuid": String("13814000-1dd2-11b2-8401-010000000001"),
                },
                "category": String("alpha"),
                "id": String("pf-alpha"),
                "value": Number(1),
            },
        },
        ReadEntry {
            binding: 0,
            journal: "testing/apples/2020202020202020/category=gamma/pivot=00",
            doc: Object {
                "_meta": Object {
                    "uuid": String("13814000-1dd2-11b2-8c01-010000000001"),
                },
                "category": String("gamma"),
                "id": String("pf-gamma"),
                "value": Number(3),
            },
        },
    ],
}
