---
source: crates/shuffle/tests/scenario_fixtures.rs
expression: "Checkpoint { frontier: &phase2_frontier, read: phase2_read, }"
---
Checkpoint {
    frontier: Frontier {
        journals: [
            JournalFrontier {
                journal: "testing/apples/2020202020202020/category=alpha/pivot=00",
                binding: 0,
                producers: [
                    ProducerFrontier {
                        producer: Producer(01:00:00:00:00:21),
                        last_commit: Clock(0s 20ns),
                        hinted_commit: Clock(0s 0ns),
                        offset: -537,
                    },
                ],
                bytes_read_delta: 102,
                bytes_behind_delta: 435,
            },
        ],
        flushed_lsn: [
            1/0,
        ],
        latest_backfill_begin: {},
        latest_backfill_complete: {},
    },
    read: [
        ReadEntry {
            binding: 0,
            journal: "testing/apples/2020202020202020/category=alpha/pivot=00",
            doc: Object {
                "_meta": Object {
                    "uuid": String("13814000-1dd2-11b2-9400-010000000021"),
                },
                "category": String("alpha"),
                "id": String("rb-new"),
                "value": Number(99),
            },
        },
    ],
}
