---
source: crates/control-plane-api/src/server/authorize_task_secret.rs
expression: outcomes
---
[
    (
        "sibling/in",
        "200 secretId=1111111111111111",
    ),
    (
        "sibling/out",
        "200 secretId=2222222222222222",
    ),
    (
        "not-sibling",
        "403 task 'aliceCo/out/materialize-bar' may only use secrets under 'aliceCo/out/', and 'aliceCo/in/token' is not one",
    ),
    (
        "absent",
        "404 secret 'aliceCo/in/nonexistent' does not exist",
    ),
    (
        "malformed-secret",
        "400 invalid secret name: aliceCo/bad name doesn't match pattern [\\p{Letter}\\p{Number}\\-_\\.]+(/[\\p{Letter}\\p{Number}\\-_\\.]+)* (unmatched portion is:  name)",
    ),
    (
        "malformed-task",
        "400 invalid task name: aliceCo/bad name doesn't match pattern [\\p{Letter}\\p{Number}\\-_\\.]+(/[\\p{Letter}\\p{Number}\\-_\\.]+)* (unmatched portion is:  name)",
    ),
    (
        "bad-task-type",
        "400 invalid task type 'dekaf'",
    ),
    (
        "no-selector",
        "400 expected one label for estuary.dev/secret-name (got [])",
    ),
    (
        "two-selectors",
        "400 expected one label for estuary.dev/secret-name (got [Label { name: \"estuary.dev/secret-name\", value: \"aliceCo/in/token\", prefix: false }, Label { name: \"estuary.dev/secret-name\", value: \"aliceCo/out/token\", prefix: false }])",
    ),
    (
        "two-images",
        "400 expected at most one estuary.dev/image-repo label (got [Label { name: \"estuary.dev/image-repo\", value: \"ghcr.io/acmeVendor/source-gadgets\", prefix: false }, Label { name: \"estuary.dev/image-repo\", value: \"ghcr.io/acmeVendor/source-widgets\", prefix: false }])",
    ),
    (
        "wrong-plane",
        "403 task 'aliceCo/in/capture-foo' does not run in data-plane dp.two",
    ),
    (
        "unknown/admitted",
        "200 secretId=1111111111111111",
    ),
    (
        "unknown/admitted-absent",
        "404 secret 'aliceCo/in/nonexistent' does not exist",
    ),
    (
        "unknown/other-plane",
        "403 task 'bobCo/capture-new' is not known, and its storage mapping does not admit data-plane ops/dp/public/aws-us-west-2-c1",
    ),
    (
        "image-rule",
        "200 secretId=4444444444444444",
    ),
    (
        "image-rule/unattested",
        "403 task 'aliceCo/in/capture-foo' may only use secrets under 'aliceCo/in/', and 'acmeVendor/oauth/connectors/ghcr.io/acmeVendor/source-widgets/oauth-client' is not one",
    ),
]
