---
source: crates/validation/tests/scenario_tests.rs
expression: errors
---
[
    Error {
        scope: test://example/catalog.yaml#/collections/testing~1redact-in-defs/writeSchema,
        error: location /email inside `$defs/flow://connector-schema` has a `redact` strategy, but `$defs/flow://connector-schema` is a system-managed schema subtree that is overwritten by discover or validation-time inlining. Move the annotation to the top level of the schema.,
    },
]
