---
source: crates/validation/tests/scenario_tests.rs
expression: errors
---
[
    Error {
        scope: test://example/db-views#/materializations/testing~1db-views/bindings/0,
        error: conflict for field "Unknown": field is required by the connector (whoops) but field does not exist within the source collection,
    },
    Error {
        scope: test://example/db-views#/materializations/testing~1db-views/bindings/0,
        error: conflict for field "bit": field is required by the connector (field required) but field is excluded by the user's field selection,
    },
    Error {
        scope: test://example/db-views#/materializations/testing~1db-views/bindings/0,
        error: conflict for field "int": field is part of the materialization group-by key but field is forbidden by the connector (field forbidden),
    },
    Error {
        scope: test://example/db-views#/materializations/testing~1db-views/bindings/0,
        error: conflict for field "str": field is required by the user's field selection but field is forbidden by the connector (field forbidden),
    },
]
