---
source: crates/validation/tests/scenario_tests.rs
expression: errors
---
[
    Error {
        scope: test://example/int-halve#/collections/testing~1int-halve/derivation/typescript/npmDependencies/pkg-2,
        error: package pkg-2 is repeated with incompatible versions "differ ent" here, vs "different" at test://example/int-reverse#/collections/testing~1int-reverse/derivation/typescript/npmDependencies/pkg-2,
    },
]
