---
source: crates/validation/tests/scenario_tests.rs
expression: errors
---
[
    Error {
        scope: test://example/db-views#/materializations/testing~1db-views/bindings/0,
        error: collection testiNg/int-strinK, referenced by materialization binding the.table, was not found; did you mean collection testing/int-string?,
    },
    Error {
        scope: test://example/db-views#/materializations/testing~1db-views/bindings/1,
        error: collection wildly/off/name, referenced by materialization binding {"table":"other_table"}, was not found; did you mean collection testing/int-halve?,
    },
]
