---
source: crates/validation/tests/scenario_tests.rs
expression: errors
---
[
    Error {
        scope: test://example/int-halve#/collections/testing~1int-halve/schema,
        error: schema $ref 'test://example/int-string.schema#/whoops', referenced by 'test://example/canonical/int-string-len.schema', was not found,
    },
    Error {
        scope: test://example/int-string#/collections/testing~1int-string-rw/readSchema,
        error: schema $ref 'test://example/int-string.schema#/whoops', referenced by 'test://example/canonical/int-string-len.schema', was not found,
    },
    Error {
        scope: test://example/webhook-deliveries#/materializations/testing~1webhook~1deliveries/bindings/1,
        error: collection testing/int-halve, referenced by materialization binding {"fixture":"two"}, was not found; did you mean collection testing/int-reverse?,
    },
]
