---
source: crates/validation/tests/secrets_tests.rs
expression: outcomes
---
[
    [],
    [
        Error {
            scope: test://example/catalog.yaml#/materializations/acmeCo~1dest-widgets,
            error: materialization acmeCo/dest-widgets endpoint configuration location /token is annotated `secret: true` and cannot hold a plaintext value: set it with `flowctl secret set` and reference the secret from `secrets`,
        },
    ],
]
